// Jest Snapshot v1, https://goo.gl/fbAQLP

exports[`Make sure modal renders properly 1`] = `
<div
  class="sc-bdVaJa bDWFJH"
/>
`;
